title is 'Game'
width is 800
height is 600
full is False

title is ''
width is 1024
height is 768
full is False

title is 'My Program'
width is 1024
height is 768
full is False

title is 'Tetris'
width is 1024
height is 768
full is True

