[1, 2, 3, 4, 5, 6]
[0, 1, 4, 9, 16, 25, 36, 49, 64, 81, 100]
