4
{"awesome": 4, "bad": -2, "awful": -3, "good": 2, "great": 3}
