0.75
1.3333333333333333
0.3333333333333333
3.0
3.0
