0 dimensional
1 dimensional
1 dimensional, but zero :(
2 dimensional
3 dimensional!!
MORE dimensions??
