[0, 2, 4, 6, 8, 10, 12, 14, 16, 18, 20, 22, 24, 26, 28, 30, 32, 34, 36, 38, 40]
[1, 4, 9, 16, 25, 36, 49, 64, 81, 100]
["alice", "claire", "evelyn", "grace", "ima", "kenzie"]
