[0, 2, 3, 4]
[[1, 2, 3, 4], [99, 6], [7, 8, 9, 10]]
[[1, 2, 3, 4], [99, 6], [7, 8, 9, 75]]
[[1, 2, 3, 4], [5, 6, 7, 8], [7, 8, 9, 75]]
[[1, 2, 666, 4], [5, 6, 7, 8], [7, 8, 9, 75]]
