got nothin'
65 year old has no name
Joe Anderson has no age
Joe Anderson is 65 years old
