18
36
8.0
3.2
hi hi hi hi hi hi hi hi hi 
byebyebye
[1, 1, 1, 1, 1, 1, 1, 1, 1, 1]
[1, 2, 3, 1, 2, 3, 1, 2, 3, 1, 2, 3]
