Xavier is 26 years old.
If your name is Hammy, I don't care your age!
Jean is 34 years old.
Bob is missing their age!
Giving up on recursion!
