2 to the 0 = 1
2 to the 1 = 2
2 to the 2 = 4
2 to the 3 = 8
2 to the 4 = 16
2 to the 5 = 32
2 to the 6 = 64
2 to the 7 = 128
2 to the 8 = 256
2 to the 9 = 512
2 to the 10 = 1024
512
