Hello world!
Hello world!
Hello_world_!
Hello world!
Hey Bobby you are 37 years old!
True False True True 4.69
a balogna b balogna c balogna d and hamburgers.
peace out
