not three, four, or five
three
four
five
not three, four, or five
