sth else
First two are ordered
First is zero, second is 7
First is 1.  Rest is [0, 4, 5, 88]
First is 1.  Rest is []
sth else
