Goat
Devil
Goat
Devil
Goat
Devil
Goat
Devil
Goat
Devil
Goat
