("mustard", 6)
("bbq sauce", 8)
("mayo", 7)
("salsa", 7)
("ketchup", 3)
