1 ** 2 = 1
2 ** 2 = 4
3 ** 2 = 9
4 ** 2 = 16
5 ** 2 = 25
6 ** 2 = 36
7 ** 2 = 49
8 ** 2 = 64
9 ** 2 = 81
10 ** 2 = 100
b
o
o
y
a
h
!
a x
a y
a z
b x
b y
b z
c x
c y
c z
27
153
369
153
867
2091
369
2091
5043
153
867
2091
867
4913
11849
2091
11849
28577
369
2091
5043
2091
11849
28577
5043
28577
68921
