Is your number 50 ?
Is your number 25 ?
Is your number 37 ?
Is your number 43 ?
Is your number 40 ?
Is your number 38 ?
Is your number 39 ?
Got it!
