positive
negative
14 is somewhat large
150 is very large
-60 is somewhat small
-560 is very small
