Generic one...
First two are 0, last is 79
First is 1, next two are 0 and 5
