2
[{"a": 1, "b": 2}, {"c": 3, "d": 4, "e": 5, "f": 6}, {}]
{"ryan": [28, 3, 12], "ian": [26, 10, 84], "caitie": [9, 10, 84, 19]}
