sup?
sup?
sup?
me oh my!
me oh my!
me oh my!
me oh my!
oh
oh
oh
oh
oh
oh
oh
gee
gee
gee
gee
gee
name is Bob and count is 4
name is Susan and count is 4
name is Bob and count is 3
