All zeros
128 at end!
128 in middle!
128 in beginning!
no 128...
