693
693
waaah?
waaah?
waaah?
waaah?
waaah?
waaah?
---
waaah?
waaah?
waaah?
waaah?
waaah?
waaah?
waaah?
waaah?
waaah?
waaah?
